// Jest Snapshot v1, https://goo.gl/fbAQLP

exports[`Contacts ContactsBg renders correctly 1`] = `null`;
