// Jest Snapshot v1, https://goo.gl/fbAQLP

exports[`Nav renders correctly 1`] = `
.c0 {
  background: #f1f0ee;
  -webkit-flex: 1 0 auto;
  -ms-flex: 1 0 auto;
  flex: 1 0 auto;
}

<main
  className="c0"
/>
`;
